../Core/Src/main.c:118:6:CAN_Tx	56	static
../Core/Src/main.c:149:6:CAN_Filter	56	static
../Core/Src/main.c:174:6:CAN_Rx	56	static
../Core/Src/main.c:198:6:Calculate_RecodFrames	16	static
../Core/Src/main.c:234:6:CAN_Tx_CallBack	16	static
../Core/Src/main.c:270:6:HAL_CAN_TxMailbox0CompleteCallback	16	static
../Core/Src/main.c:296:6:HAL_CAN_RxFifo0FullCallback	16	static
../Core/Src/main.c:301:6:HAL_CAN_RxFifo0MsgPendingCallback	16	static
../Core/Src/main.c:305:6:HAL_CAN_ErrorCallback	16	static
../Core/Src/main.c:328:5:main	8	static
../Core/Src/main.c:387:6:SystemClock_Config	72	static
../Core/Src/main.c:426:13:MX_CAN_Init	8	static
../Core/Src/main.c:463:13:MX_GPIO_Init	16	static
../Core/Src/main.c:483:6:Error_Handler	4	static,ignoring_inline_asm
