../Core/Src/main.c:98:6:CAN_Tx	56	static
../Core/Src/main.c:129:6:CAN_Filter	56	static
../Core/Src/main.c:154:6:CAN_Rx	56	static
../Core/Src/main.c:185:6:HAL_CAN_TxMailbox0CompleteCallback	16	static
../Core/Src/main.c:203:6:HAL_CAN_RxFifo0FullCallback	16	static
../Core/Src/main.c:222:6:HAL_CAN_RxFifo0MsgPendingCallback	16	static
../Core/Src/main.c:227:6:HAL_CAN_ErrorCallback	16	static
../Core/Src/main.c:277:5:main	8	static
../Core/Src/main.c:389:6:SystemClock_Config	72	static
../Core/Src/main.c:429:13:MX_CAN_Init	8	static
../Core/Src/main.c:466:13:MX_GPIO_Init	40	static
../Core/Src/main.c:520:6:Error_Handler	4	static,ignoring_inline_asm
